======server2=======
Linux ip-172-31-93-228.ec2.internal 6.1.97-104.177.amzn2023.x86_64 #1 SMP PREEMPT_DYNAMIC Tue Jul 16 15:18:45 UTC 2024 x86_64 x86_64 x86_64 GNU/Linux
================================
               total        used        free      shared  buff/cache   available
Mem:           949Mi       128Mi       601Mi       0.0Ki       219Mi       683Mi
Swap:             0B          0B          0B
==============================
Filesystem     Type      Size  Used Avail Use% Mounted on
devtmpfs       devtmpfs  4.0M     0  4.0M   0% /dev
tmpfs          tmpfs     475M     0  475M   0% /dev/shm
tmpfs          tmpfs     190M  440K  190M   1% /run
/dev/xvda1     xfs       8.0G  1.6G  6.5G  20% /
tmpfs          tmpfs     475M     0  475M   0% /tmp
/dev/xvda128   vfat       10M  1.3M  8.7M  13% /boot/efi
tmpfs          tmpfs      95M     0   95M   0% /run/user/1000
================================
172.31.93.228 
======server3=======
Linux ip-172-31-90-246.ec2.internal 6.1.97-104.177.amzn2023.x86_64 #1 SMP PREEMPT_DYNAMIC Tue Jul 16 15:18:45 UTC 2024 x86_64 x86_64 x86_64 GNU/Linux
================================
               total        used        free      shared  buff/cache   available
Mem:           949Mi       129Mi       601Mi       0.0Ki       218Mi       682Mi
Swap:             0B          0B          0B
==============================
Filesystem     Type      Size  Used Avail Use% Mounted on
devtmpfs       devtmpfs  4.0M     0  4.0M   0% /dev
tmpfs          tmpfs     475M     0  475M   0% /dev/shm
tmpfs          tmpfs     190M  440K  190M   1% /run
/dev/xvda1     xfs       8.0G  1.6G  6.5G  20% /
tmpfs          tmpfs     475M     0  475M   0% /tmp
/dev/xvda128   vfat       10M  1.3M  8.7M  13% /boot/efi
tmpfs          tmpfs      95M     0   95M   0% /run/user/1000
================================
172.31.90.246 
